// Jest Snapshot v1, https://goo.gl/fbAQLP

exports[`Footer component Matches the snapshot 1`] = `
<div>
  <div
    className="container"
  >
    <form
      className="form-signin"
    >
      <h2
        className="form-signin-heading"
      >
        Booking
      </h2>
      <a
        href="/booking-list"
        onClick={[Function]}
      >
         Go to Bookings List
      </a>
      <p
        className="submitted"
      >
         
        
      </p>
      <br />
      <label>
        First Name
      </label>
      <input
        className="form-control"
        name="firstname"
        onChange={[Function]}
        required={true}
      />
      <label>
        Last Name
      </label>
      <input
        className="form-control"
        name="lastname"
        onChange={[Function]}
        required={true}
      />
      <label>
         Dining Date
      </label>
      <input
        className="form-control"
        name="diningDate"
        onChange={[Function]}
        required={true}
      />
      <label>
        Number of Covers 
      </label>
      <input
        className="form-control"
        name="numberOfCovers"
        onChange={[Function]}
        required={true}
      />
      <label>
         Email 
      </label>
      <input
        className="form-control"
        name="email"
        onChange={[Function]}
        required={true}
      />
      <label>
        Phone Number
      </label>
      <input
        className="form-control"
        name="phoneNumber"
        onChange={[Function]}
        required={true}
      />
      <button
        className="btn btn-lg btn-success btn-block"
        onClick={[Function]}
        type="submit"
      >
        Book Table
      </button>
    </form>
  </div>
  <div
    className="footer"
  >
     Awet Fessha @2020 
  </div>
</div>
`;
