// Jest Snapshot v1, https://goo.gl/fbAQLP

exports[`Booking component Matches the snapshot 1`] = `
Object {
  "asFragment": [Function],
  "baseElement": <body>
    <div>
      <div>
        <div
          class="container"
        >
          <form
            class="form-signin"
          >
            <h2
              class="form-signin-heading"
            >
              Booking
            </h2>
            <br />
            <label>
              First Name
            </label>
            <input
              class="form-control"
              name="firstname"
              value=""
            />
            <label>
              Last Name
            </label>
            <input
              class="form-control"
              name="lastname"
              value=""
            />
            <label>
               Dining Date
            </label>
            <input
              class="form-control"
              name="dining_date"
              type="date"
              value=""
            />
            <label>
              Number of Covers 
            </label>
            <input
              class="form-control"
              name="number_of_covers"
              type="number"
              value=""
            />
            <label>
               Email 
            </label>
            <input
              class="form-control"
              name="booking_email"
              value=""
            />
            <label>
              Phone Number
            </label>
            <input
              class="form-control"
              name="phone_number"
              value=""
            />
            <button
              class="btn btn-lg btn-success btn-block"
              type="submit"
            >
              Book Table
            </button>
          </form>
        </div>
        <div
          class="footer"
        >
           Awet Fessha ©2020 
        </div>
      </div>
    </div>
  </body>,
  "container": <div>
    <div>
      <div
        class="container"
      >
        <form
          class="form-signin"
        >
          <h2
            class="form-signin-heading"
          >
            Booking
          </h2>
          <br />
          <label>
            First Name
          </label>
          <input
            class="form-control"
            name="firstname"
            value=""
          />
          <label>
            Last Name
          </label>
          <input
            class="form-control"
            name="lastname"
            value=""
          />
          <label>
             Dining Date
          </label>
          <input
            class="form-control"
            name="dining_date"
            type="date"
            value=""
          />
          <label>
            Number of Covers 
          </label>
          <input
            class="form-control"
            name="number_of_covers"
            type="number"
            value=""
          />
          <label>
             Email 
          </label>
          <input
            class="form-control"
            name="booking_email"
            value=""
          />
          <label>
            Phone Number
          </label>
          <input
            class="form-control"
            name="phone_number"
            value=""
          />
          <button
            class="btn btn-lg btn-success btn-block"
            type="submit"
          >
            Book Table
          </button>
        </form>
      </div>
      <div
        class="footer"
      >
         Awet Fessha ©2020 
      </div>
    </div>
  </div>,
  "debug": [Function],
  "findAllByAltText": [Function],
  "findAllByDisplayValue": [Function],
  "findAllByLabelText": [Function],
  "findAllByPlaceholderText": [Function],
  "findAllByRole": [Function],
  "findAllByTestId": [Function],
  "findAllByText": [Function],
  "findAllByTitle": [Function],
  "findByAltText": [Function],
  "findByDisplayValue": [Function],
  "findByLabelText": [Function],
  "findByPlaceholderText": [Function],
  "findByRole": [Function],
  "findByTestId": [Function],
  "findByText": [Function],
  "findByTitle": [Function],
  "getAllByAltText": [Function],
  "getAllByDisplayValue": [Function],
  "getAllByLabelText": [Function],
  "getAllByPlaceholderText": [Function],
  "getAllByRole": [Function],
  "getAllByTestId": [Function],
  "getAllByText": [Function],
  "getAllByTitle": [Function],
  "getByAltText": [Function],
  "getByDisplayValue": [Function],
  "getByLabelText": [Function],
  "getByPlaceholderText": [Function],
  "getByRole": [Function],
  "getByTestId": [Function],
  "getByText": [Function],
  "getByTitle": [Function],
  "queryAllByAltText": [Function],
  "queryAllByDisplayValue": [Function],
  "queryAllByLabelText": [Function],
  "queryAllByPlaceholderText": [Function],
  "queryAllByRole": [Function],
  "queryAllByTestId": [Function],
  "queryAllByText": [Function],
  "queryAllByTitle": [Function],
  "queryByAltText": [Function],
  "queryByDisplayValue": [Function],
  "queryByLabelText": [Function],
  "queryByPlaceholderText": [Function],
  "queryByRole": [Function],
  "queryByTestId": [Function],
  "queryByText": [Function],
  "queryByTitle": [Function],
  "rerender": [Function],
  "unmount": [Function],
}
`;
